=== STEP 3 — VRPP + LOOKAHEAD (491_C7_gap1) ===
Instance    : 491_C7_gap1   491 paper/cardboard bins, cluster C7 — 1 % optimality gap
Root        : C:\Users\HectorFa\vrpp-lookahead
B=16 kg/m3 | Q=4000 kg | MAX_ROUTES=2 -> fleet 8000 kg
R=0.1625 eur/kg | C=1 eur/km | OMEGA=0.1 eur/vehicle
MIP_GAP=1% | TIME_LIMIT=21600s (6h)
Days=1 | Window=2 | THR_MG=100% | THR_OVF=100% | KNN=25

Bins        : 491   (total nodes: 492 = depot + 491)
Depot       : Lat=39.188745  Lon=-9.148513
Distances   : mean 13.62 km | max 52.73 km
CAP_CONT    : min 40.0 | mean 43.2 | max 239.5 kg | TOTAL 21231.55 kg
Si_kg       : min 1.00 | mean 21.21 | max 120.00 kg | TOTAL 10414.30 kg
ai_kg       : min 0.48 | mean 4.94 | max 80.29 kg/day | TOTAL 2423.54 kg/day

     Group  N_points  Si_kg  Pct_Si_total
    MustGo        69 3013.0         28.93
  MustGoLA        31 1091.1         10.48
  Optional       352 6269.6         60.20
Near empty        39   40.6          0.39

Total Si_kg    : 10414.30 kg  (49.1% of total CAP_CONT)
Total CAP_CONT : 21231.55 kg
MustGo weight  : 3013.00 kg  ->  at least 1 route(s) of 4000 kg
MAX_ROUTES     : 2  (capacity 8000 kg)
  OK — 4987.00 kg of slack over the MustGo

================================================================
  Day_01 — LOOKAHEAD (window=2 days)
================================================================
  Overflowing NOW (level>=CAP_CONT_i)  : 33
  MustGo  (overflowing tomorrow)       : 69
  MustGoLA (2-day window)              : 31
  Total MG                             : 100

================================================================
  Day_01 — VRPP
================================================================

  MustGo capacity check:
    Original MustGo: 100 bins  |  4104.1 kg
    Capacity 2 x 4000 kg = 8000 kg
    OK — adjusted MG: 100 bins (4104.1 kg)  slack: 3895.9 kg

  Total nodes  : 492  (depot + 491 bins)
  Total arcs   : 241572  ->  16866 after filtering  (7.0% kept)
  KNN=25 (bidirectional) | Removed by capacity: 0
  Forced MG    : 100  |  total S: 10414.3 kg (mean 21.21 kg/point)
  *** ACTIVE CONSTRAINT: k <= 2 routes ***
Set parameter Username
Set parameter LicenseID to value 2846876
Academic license - for non-commercial use only - expires 2027-07-20
Set parameter OutputFlag to value 1
Set parameter MIPGap to value 0.01
Set parameter TimeLimit to value 21600
Set parameter MIPFocus to value 1
Set parameter Heuristics to value 0.5
Set parameter Threads to value 0
Set parameter Cuts to value 3
Set parameter Presolve to value 1
Set parameter NodeMethod to value 2
  Warm start   : 2/2 routes  |  25/100 MG covered
Gurobi Optimizer version 13.0.2 build v13.0.2rc1 (win64 - Windows 11+.0 (26200.2))

CPU model: AMD Ryzen 7 4700U with Radeon Graphics, instruction set [SSE2|AVX|AVX2]
Thread count: 8 physical cores, 8 logical processors, using up to 8 threads

Non-default parameters:
TimeLimit  21600
MIPGap  0.01
Heuristics  0.5
MIPFocus  1
NodeMethod  2
Cuts  3
Presolve  1

Optimize a model with 52666 rows, 51090 columns and 202986 nonzeros (Max)
Model fingerprint: 0xbdaa6c91
Model has 17356 linear objective coefficients
Variable types: 33732 continuous, 17358 integer (17357 binary)
Coefficient statistics:
  Matrix range     [1e+00, 4e+03]
  Objective range  [1e-02, 5e+01]
  Bounds range     [1e+00, 2e+00]
  RHS range        [1e+00, 2e+00]

User MIP start did not produce a new incumbent solution
User MIP start violates constraint R51092 by 1.000000000

Presolve removed 1574 rows and 591 columns
Presolve time: 0.49s
Presolved: 51092 rows, 50499 columns, 199930 nonzeros
Variable types: 33241 continuous, 17258 integer (17257 binary)
Deterministic concurrent LP optimizer: primal and dual simplex
Showing primal log only...


Root simplex log...

Iteration    Objective       Primal Inf.    Dual Inf.      Time
   35536    8.5972681e+02   0.000000e+00   5.228931e+04      5s
   54148    9.9400785e+02   0.000000e+00   7.338378e+03     10s
Warning: Markowitz tolerance tightened to 0.03125
   71440    1.0447473e+03   0.000000e+00   5.156285e+03     15s
   92032    1.0822894e+03   0.000000e+00   2.074779e+03     20s
  113284    1.0990464e+03   0.000000e+00   1.561647e+04     25s
  127992    1.1095033e+03   0.000000e+00   1.920745e+07     30s
  135226    1.1131758e+03   0.000000e+00   5.102126e+04     35s
  143484    1.1148615e+03   0.000000e+00   2.027128e+03     40s
  153939    1.1154077e+03   0.000000e+00   9.486830e-01     45s
  156418    1.1151554e+03   0.000000e+00   0.000000e+00     46s
Concurrent spin time: 2.47s

Solved with dual simplex

Root simplex log...

Iteration    Objective       Primal Inf.    Dual Inf.      Time
   93075    1.1151554e+03   0.000000e+00   0.000000e+00     48s

Root relaxation: objective 1.115155e+03, 93075 iterations, 47.56 seconds (23.45 work units)
Total elapsed time = 51.05s (DegenMoves)
Another try with MIP start

    Nodes    |    Current Node    |     Objective Bounds      |     Work
 Expl Unexpl |  Obj  Depth IntInf | Incumbent    BestBd   Gap | It/Node Time

     0     0 1115.15544    0  827          - 1115.15544      -     -   52s
H    0     0                     290.6362500 1115.15527   284%     -   63s
     0     0 1081.27414    0 1031  290.63625 1081.27414   272%     -   70s
     0     0 1081.27414    0  947  290.63625 1081.27414   272%     -   83s
H    0     0                     298.5012500 1081.27414   262%     -   88s
H    0     0                     303.5312500 1081.27414   256%     -   88s
H    0     0                     336.7287500 1081.27414   221%     -   88s
H    0     0                     398.6712500 1081.27414   171%     -   88s
H    0     0                     399.6162500 1081.27414   171%     -   88s
H    0     0                     399.9212500 1081.27414   170%     -   88s
     0     0 1078.08281    0 1072  399.92125 1078.08281   170%     -   96s
H    0     0                     872.4637500 1077.67334  23.5%     -  103s
     0     0 1077.67334    0 1082  872.46375 1077.67334  23.5%     -  108s
     0     0 1077.67334    0 1075  872.46375 1077.67334  23.5%     -  111s
H    0     0                     879.0037500 1077.64487  22.6%     -  118s
     0     0 1077.64487    0 1087  879.00375 1077.64487  22.6%     -  125s
     0     0 1077.64487    0 1084  879.00375 1077.64487  22.6%     -  129s
H    0     0                     888.4237500 1077.64477  21.3%     -  137s
H    0     0                     889.1787500 1077.64477  21.2%     -  137s
     0     0 1077.64477    0 1087  889.17875 1077.64477  21.2%     -  145s
     0     0 1077.64477    0 1081  889.17875 1077.64477  21.2%     -  149s
H    0     0                     907.5387500 1077.64477  18.7%     -  163s
H    0     0                     914.2462500 1077.64477  17.9%     -  163s
H    0     0                     916.4562500 1077.64477  17.6%     -  163s
H    0     0                     916.5387500 1077.64477  17.6%     -  163s
H    0     0                     916.9587500 1062.84019  15.9%     -  173s
     0     0 1062.84019    0 1019  916.95875 1062.84019  15.9%     -  179s
     0     0 1062.84019    0 1021  916.95875 1062.84019  15.9%     -  183s
     0     0 1062.84019    0 1021  916.95875 1062.84019  15.9%     -  207s
H    0     0                     917.2087500 1062.84019  15.9%     -  213s
H    0     0                     918.7837500 1062.84019  15.7%     -  213s
H    0     0                     919.3037500 1062.84019  15.6%     -  213s
H    0     0                     921.4262500 1062.84019  15.3%     -  213s
H    0     0                     922.3562500 1062.84019  15.2%     -  214s
H    0     0                     922.3762500 1062.84019  15.2%     -  215s
H    0     0                     923.3887500 1059.52921  14.7%     -  222s
H    0     0                     923.9687500 1059.52921  14.7%     -  222s
H    0     0                     924.3487500 1059.52921  14.6%     -  222s
H    0     0                     924.3887500 1059.52921  14.6%     -  222s
H    0     0                     924.9487500 1059.52921  14.6%     -  222s
H    0     0                     924.9762500 1059.52921  14.5%     -  222s
H    0     0                     925.2062500 1059.52921  14.5%     -  222s
H    0     0                     926.5612500 1059.52921  14.4%     -  222s
H    0     0                     938.8962500 1059.52921  12.8%     -  222s
     0     0 1059.52921    0 1028  938.89625 1059.52921  12.8%     -  250s
     0     0 1059.52921    0 1023  938.89625 1059.52921  12.8%     -  255s
     0     0 1058.94132    0 1051  938.89625 1058.94132  12.8%     -  267s
     0     0 1058.94132    0 1058  938.89625 1058.94132  12.8%     -  272s
     0     0 1058.83768    0 1063  938.89625 1058.83768  12.8%     -  286s
     0     0 1058.83768    0 1070  938.89625 1058.83768  12.8%     -  291s
     0     0 1058.83658    0 1058  938.89625 1058.83658  12.8%     -  308s
     0     0 1058.83658    0 1058  938.89625 1058.83658  12.8%     -  315s
     0     0 1053.59641    0 1064  938.89625 1053.59641  12.2%     -  385s
     0     0 1053.59641    0 1062  938.89625 1053.59641  12.2%     -  392s
     0     0 1053.59641    0  928  938.89625 1053.59641  12.2%     -  427s
H    0     0                     939.1662500 1053.59641  12.2%     -  432s
H    0     0                     941.3612500 1053.59641  11.9%     -  434s
H    0     0                     951.7412500 1053.59641  10.7%     -  434s
H    0     0                     951.8162500 1053.59641  10.7%     -  435s
H    0     0                     952.9362500 1050.85455  10.3%     -  442s
     0     0 1050.85455    0 1159  952.93625 1050.85455  10.3%     -  449s
     0     0 1050.85455    0 1141  952.93625 1050.85455  10.3%     -  455s
     0     0 1050.42908    0 1163  952.93625 1050.42908  10.2%     -  463s
     0     0 1050.42908    0 1171  952.93625 1050.42908  10.2%     -  468s
     0     0 1049.98499    0 1171  952.93625 1049.98499  10.2%     -  479s
     0     0 1049.98499    0 1166  952.93625 1049.98499  10.2%     -  487s
H    0     0                     953.0762500 1049.78849  10.1%     -  499s
H    0     0                     953.1087500 1049.78849  10.1%     -  499s
     0     0 1049.78849    0 1142  953.10875 1049.78849  10.1%     -  505s
     0     0 1049.78849    0 1138  953.10875 1049.78849  10.1%     -  511s
H    0     0                     953.2062500 1049.71430  10.1%     -  521s
     0     0 1049.71430    0 1167  953.20625 1049.71430  10.1%     -  536s
     0     0 1049.69215    0 1170  953.20625 1049.69215  10.1%     -  550s
     0     0 1049.69196    0 1165  953.20625 1049.69196  10.1%     -  561s
H    0     0                     953.2162500 1049.69196  10.1%     -  608s
     0     0 1047.80338    0 1212  953.21625 1047.80338  9.92%     -  627s
     0     0 1047.80338    0 1203  953.21625 1047.80338  9.92%     -  634s
     0     0 1047.80338    0 1023  953.21625 1047.80338  9.92%     -  722s
H    0     0                     953.4762500 1047.80338  9.89%     -  734s
H    0     0                     960.7037500 1046.80834  8.96%     -  759s
H    0     0                     962.1287500 1046.80834  8.80%     -  759s
H    0     0                     962.1737500 1046.80834  8.80%     -  759s
H    0     0                     962.2587500 1046.80834  8.79%     -  759s
H    0     0                     962.3587500 1046.80834  8.78%     -  759s
H    0     0                     963.2937500 1046.80834  8.67%     -  759s
H    0     0                     963.4737500 1046.80834  8.65%     -  759s
H    0     0                     963.5637500 1046.80834  8.64%     -  759s
H    0     0                     965.1837500 1046.80834  8.46%     -  759s
H    0     0                     965.6087500 1046.80834  8.41%     -  759s
H    0     0                     966.1387500 1046.80834  8.35%     -  759s
H    0     0                     966.5712500 1046.80834  8.30%     -  759s
H    0     0                     966.5812500 1046.80834  8.30%     -  759s
H    0     0                     966.8212500 1046.80834  8.27%     -  759s
H    0     0                     966.9737500 1046.80834  8.26%     -  759s
     0     0 1046.80834    0 1190  966.97375 1046.80834  8.26%     -  804s
     0     0 1046.80834    0 1191  966.97375 1046.80834  8.26%     -  817s
     0     0 1046.48115    0 1207  966.97375 1046.48115  8.22%     -  829s
     0     0 1046.48115    0 1211  966.97375 1046.48115  8.22%     -  835s
     0     0 1046.25171    0 1202  966.97375 1046.25171  8.20%     -  846s
     0     0 1046.25171    0 1225  966.97375 1046.25171  8.20%     -  852s
     0     0 1046.23334    0 1243  966.97375 1046.23334  8.20%     -  869s
     0     0 1046.23334    0 1237  966.97375 1046.23334  8.20%     -  875s
     0     0 1046.18780    0 1238  966.97375 1046.18780  8.19%     -  890s
     0     0 1046.18780    0 1241  966.97375 1046.18780  8.19%     -  897s
     0     0 1046.18409    0 1238  966.97375 1046.18409  8.19%     -  915s
     0     0 1046.18409    0 1239  966.97375 1046.18409  8.19%     -  922s
H    0     0                     967.4062500 1046.18409  8.14%     -  976s
     0     0 1043.61166    0 1139  967.40625 1043.61166  7.88%     -  998s
     0     0 1043.61166    0 1146  967.40625 1043.61166  7.88%     - 1002s
     0     0 1043.61166    0 1146  967.40625 1043.61166  7.88%     - 1036s
H    0     0                     968.1962500 1043.61166  7.79%     - 1080s
H    0     0                     968.2362500 1043.61166  7.78%     - 1081s
H    0     0                     969.5062500 1043.61166  7.64%     - 1083s
H    0     0                     972.7662500 1043.61166  7.28%     - 1083s
H    0     0                     972.9962500 1043.61166  7.26%     - 1085s
H    0     0                     973.6262500 1043.61166  7.19%     - 1086s
H    0     0                     974.0312500 1043.61166  7.14%     - 1086s
H    0     0                     974.2437500 1043.61166  7.12%     - 1087s
H    0     0                     974.6612500 1043.61166  7.07%     - 1087s
H    0     0                     983.8612500 1043.61166  6.07%     - 1087s
H    0     0                     983.8712500 1043.61166  6.07%     - 1089s
H    0     0                     984.6912500 1043.61166  5.98%     - 1089s
H    0     0                     984.8687500 1043.61166  5.96%     - 1091s
H    0     0                     984.9987500 1043.61165  5.95%     - 1138s
     0     2 1043.61165    0 1129  984.99875 1043.61165  5.95%     - 1157s
     1     4 1043.61032    1 1144  984.99875 1043.61130  5.95% 31102 1165s
     3     8 1041.94688    2 1183  984.99875 1043.61032  5.95% 20642 1200s
     7    16 1041.57342    3 1270  984.99875 1041.94688  5.78% 17599 1231s
H    8    16                     985.1087500 1041.94688  5.77% 15399 1231s
H   11    16                     985.2887500 1041.94688  5.75% 15454 1231s
    15    24 1041.23641    4 1338  985.28875 1041.57342  5.71% 16354 1266s
H   16    24                     985.3012500 1041.57342  5.71% 15332 1266s
H   17    24                     985.3987500 1041.57342  5.70% 15334 1266s
    23    32 1041.23636    5 1334  985.39875 1041.57342  5.70% 15877 1301s
H   29    32                     985.4012500 1041.57342  5.70% 15203 1301s
    31    40 1041.23635    6 1332  985.40125 1041.57342  5.70% 15680 1336s
H   35    40                     985.4737500 1041.57342  5.69% 15142 1336s
    39    48 1041.22639    6 1322  985.47375 1041.57342  5.69% 15497 1369s
H   45    48                     985.6462500 1041.57342  5.67% 15084 1369s
H   46    48                     986.0712500 1041.57342  5.63% 15085 1369s
    47    56 1041.22020    7 1325  986.07125 1041.57342  5.63% 15296 1418s
    55    64 1041.20697    8 1294  986.07125 1041.57342  5.63% 15139 1454s
H   57    64                     986.0712502 1041.57342  5.63% 14874 1454s
    63    72 1041.18500    8 1242  986.07125 1041.57342  5.63% 15166 1506s
    71    80 1041.15730    9 1228  986.07125 1041.57342  5.63% 15123 1552s
    79    88 1041.18129    9 1238  986.07125 1041.57342  5.63% 15030 1586s
H   82    88                     986.2212500 1041.57342  5.61% 14838 1586s
    87    96 1041.12381   10 1275  986.22125 1041.57342  5.61% 15028 1628s
H   93    96                     986.4012500 1041.57342  5.59% 14860 1628s
    95   104 1041.09523   11 1228  986.40125 1041.57342  5.59% 15023 1672s
H  100   104                     986.5237500 1041.57342  5.58% 14807 1672s
   103   112 1041.07826   11 1240  986.52375 1041.57342  5.58% 14949 1718s
H  111   120                     986.5237506 1041.57342  5.58% 14808 1760s
   119   128 1041.05644   13 1222  986.52375 1041.57342  5.58% 14933 1795s
   127   136 1041.02748   14 1226  986.52375 1041.57342  5.58% 14938 1833s
   135   144 1040.98750   15 1191  986.52375 1041.57342  5.58% 14923 1871s
   143   152 1040.92037   16 1167  986.52375 1041.57342  5.58% 14917 1910s
   151   160 1040.90979   17 1165  986.52375 1041.57342  5.58% 14905 1952s
H  158   160                     986.9462500 1041.57342  5.53% 14804 1952s
   159   168 1040.76687   18 1157  986.94625 1041.57342  5.53% 14888 1993s
H  161   168                     987.2512500 1041.57342  5.50% 14791 1993s
   167   176 1040.76687   19 1160  987.25125 1041.57342  5.50% 14878 2029s
H  168   176                     987.4637500 1041.57342  5.48% 14790 2029s
   175   184 1040.76687   20 1145  987.46375 1041.57342  5.48% 14836 2064s
H  179   184                     987.4737500 1041.57342  5.48% 14752 2064s
   183   192 1040.76363   20 1144  987.47375 1041.57342  5.48% 14824 2097s
H  188   192                     987.7337500 1041.57342  5.45% 14745 2097s
   191   200 1040.72545   21 1124  987.73375 1041.57342  5.45% 14802 2163s
   199   208 1040.69748   22 1126  987.73375 1041.57342  5.45% 14863 2197s
H  202   208                     987.9837500 1041.57342  5.42% 14788 2197s
H  203   208                     988.0887500 1041.57342  5.41% 14789 2197s
   207   216 1040.71511   22 1137  988.08875 1041.57342  5.41% 14852 2232s
H  212   216                     988.1287500 1041.57342  5.41% 14746 2232s
H  215   224                     988.1587500 1041.57342  5.41% 14742 2265s
H  216   224                     988.2512500 1041.57342  5.40% 14738 2265s
H  219   224                     988.9587500 1041.57342  5.32% 14734 2265s
H  221   224                     989.8587500 1041.57342  5.22% 14729 2265s
H  222   224                     990.3087500 1041.57342  5.18% 14730 2265s
   223   232 1040.69405   24 1110  990.30875 1041.57342  5.18% 14791 2305s
H  224   232                     990.4612500 1041.57342  5.16% 14725 2305s
H  229   232                     990.8012500 1041.57342  5.12% 14717 2305s
H  231   240                     990.8737500 1041.57342  5.12% 14727 2348s
H  232   240                     990.9237500 1041.57342  5.11% 14726 2348s
H  237   240                     992.4887500 1041.57342  4.95% 14717 2348s
H  238   240                     992.9137500 1041.57342  4.90% 14716 2348s
   239   248 1040.64477   25 1086  992.91375 1041.57342  4.90% 14773 2399s
H  243   248                     992.9412500 1041.57342  4.90% 14708 2399s
   247   256 1040.64477   26 1083  992.94125 1041.57342  4.90% 14739 2452s
H  248   256                     993.4712500 1041.57342  4.84% 14680 2452s
   255   264 1040.64098   27 1052  993.47125 1041.57342  4.84% 14704 2497s
H  257   264                     993.6612501 1041.57342  4.82% 14645 2497s
H  259   264                     994.2037500 1041.57342  4.76% 14696 2497s
H  263   272                     994.2737500 1041.57342  4.76% 14688 2555s
H  265   272                     994.3837500 1041.57342  4.75% 14662 2555s
H  269   272                     994.3937500 1041.57342  4.74% 14655 2555s
   271   280 1040.59963   28 1055  994.39375 1041.57342  4.74% 14701 2623s
H  273   280                     994.5737500 1041.57342  4.73% 14644 2623s
H  279   288                     995.0837500 1041.57342  4.67% 14624 2681s
H  280   288                     996.2587500 1041.57342  4.55% 14670 2681s
H  287   296                     997.0212500 1041.57342  4.47% 14741 2736s
H  293   296                     997.2437500 1041.57342  4.45% 14730 2736s
H  295   304                     997.3912500 1041.57342  4.43% 14726 2783s
   303   312 1040.52554   31 1055  997.39125 1041.57342  4.43% 14756 2849s
   311   320 1039.63273   31 1034  997.39125 1041.57342  4.43% 14730 2915s
H  313   320                     997.4612500 1041.57342  4.42% 14680 2915s
H  316   320                     997.6087500 1041.57342  4.41% 14677 2915s
   319   346 1039.40297   32 1018  997.60875 1041.57342  4.41% 14718 2993s
H  321   346                     997.6812500 1041.57342  4.40% 14669 2993s
H  326   346                     997.7312500 1041.57342  4.39% 14654 2993s
H  326   346                     997.7312501 1041.57342  4.39% 14654 2993s
   345   354 1038.90827   35 1005  997.73125 1041.57342  4.39% 14664 3056s
H  347   354                     997.7612500 1041.57342  4.39% 14621 3056s
   353   362 1038.89185   36  992  997.76125 1041.57342  4.39% 14688 3133s
H  356   362                     997.9112500 1041.57342  4.38% 14646 3133s
   361   393 1038.74130   36  983  997.91125 1041.57342  4.38% 14675 3223s
H  392   409                     998.0712500 1041.57342  4.36% 14562 3291s
H  400   409                     998.1812500 1041.57342  4.35% 14548 3291s
   408   417 1038.40583   40  963  998.18125 1041.57342  4.35% 14571 3376s
H  412   417                     998.2012500 1041.57342  4.35% 14532 3376s
   416   433 1038.08758   40  980  998.20125 1041.57342  4.35% 14548 3454s
H  418   433                     998.2112500 1041.57342  4.34% 14511 3454s
H  422   433                     998.4012500 1041.57342  4.32% 14504 3454s
   432   469 1036.89192   41  922  998.40125 1041.57342  4.32% 14558 3564s
   468   486 1036.60496   45  900  998.40125 1041.57342  4.32% 14557 3640s
H  470   486                     998.4112500 1041.57342  4.32% 14514 3640s
H  478   486                     998.5612500 1041.57342  4.31% 14485 3640s
   485   494 1036.60171   46  904  998.56125 1041.57342  4.31% 14505 3737s
   493   502 1036.60171   47  905  998.56125 1041.57342  4.31% 14522 3870s
H  500   502                     998.5712500 1041.57342  4.31% 14475 3870s
H  501   520                     998.5912500 1041.57342  4.30% 14474 3954s
H  505   520                     998.6412500 1041.57342  4.30% 14491 3954s
   519   562 1035.30005   50  876  998.64125 1041.57342  4.30% 14527 4076s
   563   578 1034.53424   54  869  998.64125 1041.57342  4.30% 14481 4178s
H  577   578                     998.6412501 1041.57342  4.30% 14429 4178s
   579   623 1034.25858   55  861  998.64125 1041.57342  4.30% 14449 4316s
H  594   623                     998.7137500 1041.57342  4.29% 14470 4316s
   624   654 1033.95472   59  812  998.71375 1041.57342  4.29% 14487 4435s
   655   693 1033.62053   60  865  998.71375 1041.57342  4.29% 14509 4581s
   694   733 1033.89414   64  809  998.71375 1041.57342  4.29% 14537 4722s
H  725   733                     998.7137503 1041.57342  4.29% 14468 4722s
   734   788 1033.88830   67  798  998.71375 1041.57342  4.29% 14515 4874s
   789   796 1033.49229   71  819  998.71375 1041.57342  4.29% 14471 4991s
H  792   796                     998.8062500 1041.57342  4.28% 14444 4991s
   797   853 1033.87769   72  799  998.80625 1041.57342  4.28% 14499 5151s
H  842   853                     999.0962500 1041.57342  4.25% 14426 5151s
   854   914 1033.27681   76  829  999.09625 1041.57342  4.25% 14468 5323s
H  906   914                     999.1762500 1041.57342  4.24% 14384 5323s
   915   922 1032.93030   81  812  999.17625 1041.57342  4.24% 14429 5424s
H  923   930                     999.3062500 1041.57342  4.23% 14433 5545s
   931   994 1032.80519   82  825  999.30625 1041.57342  4.23% 14438 5733s
   995  1034 1031.67184   86  776  999.30625 1041.57342  4.23% 14477 5907s
  1035  1042 1031.12856   89  732  999.30625 1041.57342  4.23% 14595 6078s
H 1036  1042                     999.3162501 1041.57342  4.23% 14581 6078s
H 1042  1042                     999.4962500 1041.57342  4.21% 14583 6078s
  1043  1104 1030.97298   90  702  999.49625 1041.57342  4.21% 14594 6277s
  1105  1171 1030.33406   94  657  999.49625 1041.57342  4.21% 14613 6493s
  1172  1233 1030.26542  100  680  999.49625 1041.57342  4.21% 14712 6697s
  1234  1305 1029.16925  105  545  999.49625 1041.57342  4.21% 14790 6930s
  1306  1313 1028.93024  110  475  999.49625 1041.57342  4.21% 14881 7093s
H 1307  1313                     999.4962503 1041.57342  4.21% 14869 7093s
H 1308  1313                     999.5062500 1041.57342  4.21% 14877 7093s
  1314  1379 1028.79081  110  472  999.50625 1041.57342  4.21% 14893 7326s
  1380  1400 1027.62168  116  451  999.50625 1041.57342  4.21% 15053 7490s
H 1397  1400                     999.5662500 1041.57342  4.20% 15094 7490s
  1401  1479 1027.59285  119  440  999.56625 1041.57342  4.20% 15116 7744s
  1482  1555 1023.85666  124  577  999.56625 1041.57342  4.20% 15181 8011s
H 1558  1563                     999.5762500 1041.57342  4.20% 15275 8206s
H 1559  1563                     999.6162500 1041.57342  4.20% 15280 8206s
H 1561  1563                     999.9437523 1041.57342  4.16% 15284 8206s
H 1563  1563                    1000.3137500 1041.57342  4.12% 15292 8206s
  1566  1644 1022.08186  130  553 1000.31375 1041.57342  4.12% 15298 8479s
  1647  1742 1021.73098  136  492 1000.31375 1041.57342  4.12% 15360 8775s
  1747  1828 1015.36710  144  488 1000.31375 1041.57342  4.12% 15322 9064s
  1833  1920 1013.05549  152  437 1000.31375 1041.57342  4.12% 15387 9373s
H 1888  1920                    1000.3237500 1041.57342  4.12% 15376 9373s
H 1901  1920                    1000.3537500 1041.57342  4.12% 15349 9373s
  1925  1927 1011.91393  160  438 1000.35375 1041.57342  4.12% 15350 9616s
H 1927  1927                    1002.7487500 1041.57342  3.87% 15346 9616s
  1934  2017 1011.90713  161  415 1002.74875 1041.57342  3.87% 15349 9964s
H 1945  2017                    1003.1087500 1041.57342  3.83% 15358 9964s
H 2005  2017                    1004.1862500 1041.57342  3.72% 15376 9964s
  2026  2100 1011.76893  168  439 1004.18625 1041.57342  3.72% 15422 10298s
  2115  2172 1011.18663  175  459 1004.18625 1041.57342  3.72% 15435 10645s
H 2132  2172                    1004.1962500 1041.57342  3.72% 15427 10645s
H 2175  2172                    1004.3537500 1041.57342  3.71% 15376 10645s
H 2195  2177                    1004.3737500 1041.57342  3.70% 15403 10956s
H 2197  2177                    1004.4237500 1041.57342  3.70% 15399 10956s
H 2200  2174                    1004.4537500 1041.57342  3.70% 15382 10956s
H 2201  2166                    1004.5637500 1041.57342  3.68% 15377 10956s
H 2204  2139                    1007.0687500 1041.57342  3.43% 15379 10956s
  2206  2217 1010.38395  181  425 1007.06875 1041.57342  3.43% 15390 11315s
H 2207  2207                    1007.6962500 1041.57342  3.36% 15383 11315s
  2297  2269 1009.74212  189  429 1007.69625 1041.56538  3.36% 15380 11625s
H 2303  2269                    1007.7062500 1041.56538  3.36% 15364 11625s
H 2305  2266                    1007.9762500 1041.56538  3.33% 15363 11625s
H 2311  2266                    1007.9862500 1041.56538  3.33% 15361 11625s
  2363  2356     cutoff  192      1007.98625 1041.56538  3.33% 15337 12021s
H 2385  2356                    1008.0037500 1041.56538  3.33% 15332 12021s
  2463  2442 1008.45640  200  331 1008.00375 1041.56538  3.33% 15283 12414s
  2574  2536 1008.21729  208  311 1008.00375 1041.42708  3.32% 15100 12825s
H 2602  2536                    1008.0137500 1041.42708  3.31% 15081 12825s
H 2687  2546                    1008.1062500 1041.42708  3.31% 14985 13165s
H 2692  2540                    1008.2112500 1041.42708  3.29% 14984 13165s
H 2693  2495                    1008.7987500 1041.42708  3.23% 14983 13165s
H 2700  2577                    1008.9262500 1041.42708  3.22% 14985 13579s
  2794  2670 1040.31957   22 1225 1008.92625 1041.24166  3.20% 15000 13996s
H 2847  2668                    1008.9762500 1041.24166  3.20% 15004 13996s
H 2884  2667                    1008.9912500 1041.24166  3.20% 15035 13996s
  2891  2668 1040.82052   12 1146 1008.99125 1041.24166  3.20% 15033 14142s
  2893  2669 1039.65402   16  837 1008.99125 1041.24166  3.20% 15022 14261s
  2894  2670 1025.00015  112  939 1008.99125 1041.24166  3.20% 15017 14348s
  2895  2671 1028.96237  106 1145 1008.99125 1041.24166  3.20% 15012 14409s
  2896  2671 1024.64682  106 1119 1008.99125 1041.24166  3.20% 15007 14419s
  2897  2672 1024.81166  104 1169 1008.99125 1041.24166  3.20% 15002 14431s
  2898  2673 1039.27041   24 1150 1008.99125 1041.24166  3.20% 14996 14443s
  2899  2673 1039.55338   21 1200 1008.99125 1041.24166  3.20% 14991 14460s
  2900  2674 1041.09780    7 1158 1008.99125 1041.24166  3.20% 14986 14478s
  2901  2675 1021.26542   95 1272 1008.99125 1041.09213  3.18% 14981 14497s
  2902  2675 1038.39846   39 1340 1008.99125 1041.00598  3.17% 14976 14516s
  2903  2676 1013.31645  149 1315 1008.99125 1040.91506  3.16% 14971 14535s
  2904  2677 1040.51262    9 1371 1008.99125 1040.79997  3.15% 14965 14554s
  2905  2677 1017.53230  124 1399 1008.99125 1040.78528  3.15% 14960 14579s
H 2905  2542                    1009.0412500 1040.77814  3.15% 14960 14585s
  2906  2543 1020.67772  132 1385 1009.04125 1040.77814  3.15% 14955 14659s
  2907  2544 1040.21716   16 1165 1009.04125 1040.21716  3.09% 14950 15154s
H 2907  2417                    1009.0412501 1039.80483  3.05% 14950 15242s
H 2907  2296                    1009.0412503 1039.80483  3.05% 14950 15242s
H 2907  2181                    1009.0512500 1039.80483  3.05% 14950 15242s
H 2907  2071                    1009.1312500 1039.80483  3.04% 14950 15242s
H 2907  1968                    1009.1437500 1039.80483  3.04% 14950 15328s
H 2907  1869                    1009.1537500 1039.80483  3.04% 14950 15328s
H 2907  1775                    1009.1637500 1039.80483  3.04% 14950 15328s
H 2907  1686                    1009.1737500 1039.80483  3.04% 14950 15328s
H 2907  1602                    1009.2437500 1039.80483  3.03% 14950 15328s
  2908  1602 1034.36741   52 1259 1009.24375 1038.72427  2.92% 14945 15346s
H 2908  1521                    1009.2437505 1038.72427  2.92% 14945 15352s
  2909  1522 1032.95719   51 1282 1009.24375 1038.72427  2.92% 14940 15357s
  2910  1523 1038.72427   20 1320 1009.24375 1038.72427  2.92% 14934 15374s
  2911  1523 1025.02850   69 1301 1009.24375 1038.72427  2.92% 14929 15385s
  2912  1524 1019.25336  112 1302 1009.24375 1038.72427  2.92% 14924 15405s
  2913  1525 1009.24375  146 1298 1009.24375 1038.72427  2.92% 14919 15617s
H 2913  1449                    1009.2537500 1038.47711  2.90% 14919 15880s
  2915  1450 1021.46455   94 1309 1009.25375 1037.86890  2.84% 14909 15918s
  2916  1451 1014.25483  135 1272 1009.25375 1037.31439  2.78% 14904 15940s
  2917  1451 1017.42509  172 1294 1009.25375 1037.07398  2.76% 14899 15964s
  2918  1452 1016.22887  175 1268 1009.25375 1036.78445  2.73% 14894 15987s
  2919  1453 1036.76755   51 1267 1009.25375 1036.76755  2.73% 14888 16008s
  2920  1453 1016.44764  122 1264 1009.25375 1036.75353  2.72% 14883 16028s
  2921  1454 1036.74664    6 1308 1009.25375 1036.74664  2.72% 14878 16260s
  2922  1455 1025.60641   63 1215 1009.25375 1036.53874  2.70% 14873 16481s
  2923  1455 1036.42098   18 1171 1009.25375 1036.42098  2.69% 14868 16540s
  2924  1456 1033.57054    8 1147 1009.25375 1033.57054  2.41% 14863 16567s
  2925  1457 1015.08064  148 1193 1009.25375 1033.55806  2.41% 14858 16589s
H 2925  1383                    1009.2537503 1033.55421  2.41% 14858 16827s
H 2925  1313                    1009.2537505 1033.55421  2.41% 14858 16827s
  2927  1314 1016.44292  172 1078 1009.25375 1033.16753  2.37% 14848 17020s
  2928  1315 1033.16732   42 1078 1009.25375 1033.16732  2.37% 14843 17205s
  2929  1318 1033.16430   15 1207 1009.25375 1033.16732  2.37% 15244 17234s
  2931  1322 1033.09129   16 1173 1009.25375 1033.16430  2.37% 15245 17250s
  2935  1328 1033.06420   17 1199 1009.25375 1033.11850  2.36% 15243 17284s
  2941  1326 1032.93891   17 1213 1009.25375 1033.07012  2.36% 15255 17285s
  2943  1334 1032.76700   18 1329 1009.25375 1033.07012  2.36% 15253 17319s
  2951  1339 1032.76622   19 1323 1009.25375 1033.06816  2.36% 15260 17359s
H 2958  1271                    1009.2537509 1033.06816  2.36% 15262 17359s
  2959  1278 1032.75455   20 1341 1009.25375 1033.06816  2.36% 15266 17398s
  2967  1284 1032.76592   20 1337 1009.25375 1033.06816  2.36% 15279 17440s
  2975  1289 1032.68960   21 1342 1009.25375 1033.06816  2.36% 15293 17472s
  2983  1294 1032.26071   21 1284 1009.25375 1033.06816  2.36% 15293 17513s
  2991  1300 1032.26071   22 1277 1009.25375 1033.06816  2.36% 15303 17560s
  2999  1305 1031.43282   22 1334 1009.25375 1033.06816  2.36% 15321 17609s
  3007  1310 1032.26068   23 1284 1009.25375 1033.06816  2.36% 15338 17647s
  3015  1316 1031.42883   23 1345 1009.25375 1033.06816  2.36% 15348 17694s
  3023  1321 1032.25784   24 1272 1009.25375 1033.06816  2.36% 15366 17735s
  3031  1326 1032.25548   24 1311 1009.25375 1033.06816  2.36% 15376 17777s
  3039  1332 1032.25525   25 1312 1009.25375 1033.06816  2.36% 15386 17825s
  3047  1337 1031.99482   25 1318 1009.25375 1033.06816  2.36% 15407 17872s
  3055  1342 1032.25239   26 1289 1009.25375 1033.06816  2.36% 15423 17913s
  3063  1348 1032.10282   26 1263 1009.25375 1033.06816  2.36% 15445 17954s
  3071  1353 1032.07029   27 1277 1009.25375 1033.06816  2.36% 15465 18005s
  3079  1358 1031.31260   27 1322 1009.25375 1033.06816  2.36% 15502 18052s
  3087  1364 1031.31098   28 1318 1009.25375 1033.06816  2.36% 15541 18093s
  3095  1369 1030.67155   28 1270 1009.25375 1033.06816  2.36% 15553 18138s
  3103  1374 1031.30994   29 1321 1009.25375 1033.06816  2.36% 15576 18181s
  3111  1380 1030.68642   29 1268 1009.25375 1033.06816  2.36% 15609 18226s
  3119  1385 1031.30994   30 1338 1009.25375 1033.06816  2.36% 15634 18270s
  3127  1390 1031.30210   30 1316 1009.25375 1033.06816  2.36% 15654 18307s
  3135  1396 1031.29354   31 1320 1009.25375 1033.06816  2.36% 15657 18348s
  3143  1401 1031.09434   31 1285 1009.25375 1033.06816  2.36% 15680 18400s
  3151  1406 1031.29221   32 1323 1009.25375 1033.06816  2.36% 15709 18444s
  3159  1412 1031.20858   32 1297 1009.25375 1033.06816  2.36% 15734 18493s
  3167  1417 1031.20677   33 1297 1009.25375 1033.06816  2.36% 15759 18541s
  3175  1422 1030.85129   33 1297 1009.25375 1033.06816  2.36% 15789 18589s
  3183  1428 1030.59021   34 1271 1009.25375 1033.06816  2.36% 15806 18639s
  3191  1433 1030.11345   34 1250 1009.25375 1033.06816  2.36% 15834 18692s
  3199  1438 1029.35388   35 1214 1009.25375 1033.06816  2.36% 15856 18744s
  3207  1444 1030.09482   35 1267 1009.25375 1033.06816  2.36% 15875 18807s
  3215  1449 1029.31460   36 1200 1009.25375 1033.06816  2.36% 15891 18871s
H 3223  1391                    1009.2637500 1033.06816  2.36% 15912 18932s
  3231  1397 1029.26498   37 1208 1009.26375 1033.06816  2.36% 15947 18997s
H 3235  1335                    1009.2637502 1033.06816  2.36% 15956 18997s
  3239  1342 1029.24506   37 1212 1009.26375 1033.06816  2.36% 15977 19060s
  3247  1347 1029.21963   38 1207 1009.26375 1033.06816  2.36% 16002 19126s
H 3255  1296                    1009.2637503 1033.06816  2.36% 16013 19196s
  3263  1301 1029.21559   39 1192 1009.26375 1033.06816  2.36% 16042 19270s
  3271  1306 1029.18903   39 1181 1009.26375 1033.06816  2.36% 16066 19342s
H 3274  1251                    1009.2862500 1033.06816  2.36% 16065 19342s
  3279  1258 1028.95139   40 1172 1009.28625 1033.06816  2.36% 16095 19430s
H 3281  1206                    1009.2862505 1033.06816  2.36% 16095 19430s
  3287  1212 1029.14403   40 1182 1009.28625 1033.06816  2.36% 16126 19519s
H 3294  1161                    1009.3062500 1033.06816  2.35% 16135 19519s
  3295  1168 1028.94990   41 1161 1009.30625 1033.06816  2.35% 16149 19598s
  3303  1174 1027.96864   41 1182 1009.30625 1033.06816  2.35% 16165 19684s
H 3310  1124                    1009.3062501 1033.06816  2.35% 16182 19684s
  3311  1132 1028.16043   42 1128 1009.30625 1033.06816  2.35% 16192 19768s
  3319  1139 1028.78778   42 1158 1009.30625 1033.06816  2.35% 16216 19858s
H 3323  1094                    1009.3162500 1033.06816  2.35% 16219 19858s
  3329  1119 1028.12958   43 1133 1009.31625 1033.06816  2.35% 16236 19991s
  3356  1132 1025.24221   44 1171 1009.31625 1033.06816  2.35% 16310 20118s
  3378  1148 1024.23569   45 1116 1009.31625 1033.06816  2.35% 16373 20247s
  3401  1164 1025.28946   46 1156 1009.31625 1033.06816  2.35% 16445 20392s
  3425  1164 1024.65404   48 1115 1009.31625 1033.06816  2.35% 16528 20500s
  3433  1169 1024.68359   48 1089 1009.31625 1033.06816  2.35% 16546 20609s
  3441  1176 1024.16695   49 1089 1009.31625 1033.06816  2.35% 16568 20738s
  3450  1186 1024.66729   49 1117 1009.31625 1033.06816  2.35% 16586 20862s
  3463  1197 1024.16297   50 1080 1009.31625 1033.06816  2.35% 16601 21014s
H 3475  1152                    1009.3162501 1033.06816  2.35% 16629 21014s
  3479  1168 1024.08783   50 1143 1009.31625 1033.06816  2.35% 16651 21149s
  3496  1191 1024.08681   51 1147 1009.31625 1033.06816  2.35% 16699 21329s
H 3507  1148                    1009.3162503 1033.06816  2.35% 16728 21329s
  3525  1174 1023.77256   53 1126 1009.31625 1033.06816  2.35% 16802 21512s
  3557  1174 1022.63173   55 1068 1009.31625 1033.06816  2.35% 16905 21600s

Cutting planes:
  Gomory: 18
  Lift-and-project: 2
  Cover: 86
  Implied bound: 726
  Projected implied bound: 29
  MIR: 742
  Mixing: 4
  Flow cover: 2417
  Flow path: 4
  GUB cover: 6
  Zero half: 155
  Network: 347
  RLT: 5
  Relax-and-lift: 228

Explored 3568 nodes (61354215 simplex iterations) in 21600.53 seconds (11169.88 work units)
Thread count was 8 (of 8 available processors)

Solution count 10: 1009.32 1009.32 1009.31 ... 1009.25

Time limit reached
Best objective 1.009316250346e+03, best bound 1.033068160529e+03, gap 2.3533%

  Per-route capacity check (Q=4000 kg):
    Route 1: 4000.0 kg  (100.0%)
    Route 2: 3999.3 kg  (100.0%)

  [Day_01] Vehicles:2/2 | Visited:317 (MG=100 LA=0 Opt=217)
  Waste:7999.3kg | Dist:290.370km | Time:504.9min | Cap:100.0%
  Revenue:1299.89EUR | DistCost:290.37EUR | VehCost:0.20EUR | Profit:1009.32EUR
  Solver:21600.6s (6.00h)  Gap:2.35%

  Bins NOT visited : 174
 id_contentor Type_orig  Level_pct  CAP_CONT_kg         Reason
          521  Optional       82.0         40.0 Not_profitable
          488  Optional       77.0         40.0 Not_profitable
          285  Optional       76.0         40.0 Not_profitable
         6258  Optional       73.0         40.0 Not_profitable
         2140  Optional       72.0         40.0 Not_profitable
         3881  Optional       72.0         40.0 Not_profitable
         3975  Optional       72.0         40.0 Not_profitable
         1814  Optional       71.0         40.0 Not_profitable
         2326  Optional       69.0         40.0 Not_profitable
         6239  Optional       69.0         40.0 Not_profitable
          483  Optional       67.0         40.0 Not_profitable
         2784  Optional       67.0         40.0 Not_profitable
         3890  Optional       67.0         40.0 Not_profitable
          273  Optional       65.0         40.0 Not_profitable
          305  Optional       64.0         40.0 Not_profitable
         6067  Optional       64.0         40.0 Not_profitable
          292  Optional       62.0         40.0 Not_profitable
          294  Optional       62.0         40.0 Not_profitable
         3385  Optional       61.0         40.0 Not_profitable
         7512  Optional       61.0         40.0 Not_profitable
  ... (+154 rows in sheet 7_Not_Visited)

  Generating maps (2 route(s))...
    Map route 1: 161 stops
    Map route 2: 156 stops
  Excel: C:\Users\HectorFa\vrpp-lookahead\results\491_C7_gap1\Day_01\result_Day_01.xlsx

Simulation finished.
   Day  Vehicles  N_Visited  N_MustGo  N_MustGoLA  N_Not_Visited  Total_Waste_kg  Total_Distance_km  Travel_Time_min  Capacity_Used_pct  Net_Profit_euro
Day_01         2        317       100           0            174          7999.3             290.37           504.87              99.99        1009.3163

Consolidated summary: C:\Users\HectorFa\vrpp-lookahead\results\491_C7_gap1\summary_491_C7_gap1_all_days.xlsx
Parameters used: C:\Users\HectorFa\vrpp-lookahead\results\491_C7_gap1\parameters_used.json
Days with a solution: 1/1
