=== STEP 3 — VRPP + LOOKAHEAD (491_C7) ===
Instance    : 491_C7   491 paper/cardboard bins, cluster C7 (Runa, Sobral de Monte Agraco, Arruda dos Vinhos)
Root        : C:\Users\HectorFa\vrpp-lookahead
B=16 kg/m3 | Q=4000 kg | MAX_ROUTES=2 -> fleet 8000 kg
R=0.1625 eur/kg | C=1 eur/km | OMEGA=0.1 eur/vehicle
MIP_GAP=5% | TIME_LIMIT=21600s (6h)
Days=1 | Window=2 | THR_MG=100% | THR_OVF=100% | KNN=25

Bins        : 491   (total nodes: 492 = depot + 491)
Depot       : Lat=39.188745  Lon=-9.148513
Distances   : mean 13.62 km | max 52.73 km
CAP_CONT    : min 40.0 | mean 43.2 | max 239.5 kg | TOTAL 21231.55 kg
Si_kg       : min 1.00 | mean 21.21 | max 120.00 kg | TOTAL 10414.30 kg
ai_kg       : min 0.48 | mean 4.94 | max 80.29 kg/day | TOTAL 2423.54 kg/day

     Group  N_points  Si_kg  Pct_Si_total
    MustGo        69 3013.0         28.93
  MustGoLA        31 1091.1         10.48
  Optional       352 6269.6         60.20
Near empty        39   40.6          0.39

Total Si_kg    : 10414.30 kg  (49.1% of total CAP_CONT)
Total CAP_CONT : 21231.55 kg
MustGo weight  : 3013.00 kg  ->  at least 1 route(s) of 4000 kg
MAX_ROUTES     : 2  (capacity 8000 kg)
  OK — 4987.00 kg of slack over the MustGo

================================================================
  Day_01 — LOOKAHEAD (window=2 days)
================================================================
  Overflowing NOW (level>=CAP_CONT_i)  : 33
  MustGo  (overflowing tomorrow)       : 69
  MustGoLA (2-day window)              : 31
  Total MG                             : 100

================================================================
  Day_01 — VRPP
================================================================

  MustGo capacity check:
    Original MustGo: 100 bins  |  4104.1 kg
    Capacity 2 x 4000 kg = 8000 kg
    OK — adjusted MG: 100 bins (4104.1 kg)  slack: 3895.9 kg

  Total nodes  : 492  (depot + 491 bins)
  Total arcs   : 241572  ->  16866 after filtering  (7.0% kept)
  KNN=25 (bidirectional) | Removed by capacity: 0
  Forced MG    : 100  |  total S: 10414.3 kg (mean 21.21 kg/point)
  *** ACTIVE CONSTRAINT: k <= 2 routes ***
Set parameter Username
Set parameter LicenseID to value 2846876
Academic license - for non-commercial use only - expires 2027-07-20
Set parameter OutputFlag to value 1
Set parameter MIPGap to value 0.05
Set parameter TimeLimit to value 21600
Set parameter MIPFocus to value 1
Set parameter Heuristics to value 0.5
Set parameter Threads to value 0
Set parameter Cuts to value 3
Set parameter Presolve to value 1
Set parameter NodeMethod to value 2
  Warm start   : 2/2 routes  |  25/100 MG covered
Gurobi Optimizer version 13.0.2 build v13.0.2rc1 (win64 - Windows 11+.0 (26200.2))

CPU model: AMD Ryzen 7 4700U with Radeon Graphics, instruction set [SSE2|AVX|AVX2]
Thread count: 8 physical cores, 8 logical processors, using up to 8 threads

Non-default parameters:
TimeLimit  21600
MIPGap  0.05
Heuristics  0.5
MIPFocus  1
NodeMethod  2
Cuts  3
Presolve  1

Optimize a model with 52666 rows, 51090 columns and 202986 nonzeros (Max)
Model fingerprint: 0xbdaa6c91
Model has 17356 linear objective coefficients
Variable types: 33732 continuous, 17358 integer (17357 binary)
Coefficient statistics:
  Matrix range     [1e+00, 4e+03]
  Objective range  [1e-02, 5e+01]
  Bounds range     [1e+00, 2e+00]
  RHS range        [1e+00, 2e+00]

User MIP start did not produce a new incumbent solution
User MIP start violates constraint R51092 by 1.000000000

Presolve removed 1574 rows and 591 columns
Presolve time: 0.61s
Presolved: 51092 rows, 50499 columns, 199930 nonzeros
Variable types: 33241 continuous, 17258 integer (17257 binary)
Deterministic concurrent LP optimizer: primal and dual simplex
Showing primal log only...


Root simplex log...

Iteration    Objective       Primal Inf.    Dual Inf.      Time
   29728    7.8993352e+02   0.000000e+00   1.732574e+05      5s
   48736    9.7205521e+02   0.000000e+00   1.094491e+05     10s
   66028    1.0361771e+03   0.000000e+00   7.417158e+03     15s
Warning: Markowitz tolerance tightened to 0.03125
   87940    1.0731396e+03   0.000000e+00   4.232981e+03     20s
  110248    1.0966359e+03   0.000000e+00   9.146110e+03     25s
  128972    1.1096517e+03   0.000000e+00   3.363496e+03     30s
  139484    1.1143414e+03   0.000000e+00   3.712718e+03     35s
  149411    1.1152766e+03   0.000000e+00   4.264974e+04     40s
  156418    1.1151554e+03   0.000000e+00   0.000000e+00     42s
Concurrent spin time: 1.91s

Solved with dual simplex

Root simplex log...

Iteration    Objective       Primal Inf.    Dual Inf.      Time
   93075    1.1151554e+03   0.000000e+00   0.000000e+00     44s

Root relaxation: objective 1.115155e+03, 93075 iterations, 43.27 seconds (23.45 work units)
Total elapsed time = 45.84s (DegenMoves)
Another try with MIP start

    Nodes    |    Current Node    |     Objective Bounds      |     Work
 Expl Unexpl |  Obj  Depth IntInf | Incumbent    BestBd   Gap | It/Node Time

     0     0 1115.15544    0  827          - 1115.15544      -     -   46s
H    0     0                     290.6362500 1115.15527   284%     -   57s
     0     0 1081.27414    0 1031  290.63625 1081.27414   272%     -   63s
     0     0 1081.27414    0  947  290.63625 1081.27414   272%     -   75s
H    0     0                     298.5012500 1081.27414   262%     -   79s
H    0     0                     303.5312500 1081.27414   256%     -   79s
H    0     0                     336.7287500 1081.27414   221%     -   79s
H    0     0                     398.6712500 1081.27414   171%     -   79s
H    0     0                     399.6162500 1081.27414   171%     -   79s
H    0     0                     399.9212500 1081.27414   170%     -   79s
     0     0 1078.08281    0 1072  399.92125 1078.08281   170%     -   88s
H    0     0                     872.4637500 1077.67334  23.5%     -   96s
     0     0 1077.67334    0 1082  872.46375 1077.67334  23.5%     -  104s
     0     0 1077.67334    0 1075  872.46375 1077.67334  23.5%     -  107s
H    0     0                     879.0037500 1077.64487  22.6%     -  113s
     0     0 1077.64487    0 1087  879.00375 1077.64487  22.6%     -  120s
     0     0 1077.64487    0 1084  879.00375 1077.64487  22.6%     -  125s
H    0     0                     888.4237500 1077.64477  21.3%     -  132s
H    0     0                     889.1787500 1077.64477  21.2%     -  132s
     0     0 1077.64477    0 1087  889.17875 1077.64477  21.2%     -  140s
     0     0 1077.64477    0 1081  889.17875 1077.64477  21.2%     -  144s
H    0     0                     907.5387500 1077.64477  18.7%     -  156s
H    0     0                     914.2462500 1077.64477  17.9%     -  156s
H    0     0                     916.4562500 1077.64477  17.6%     -  156s
H    0     0                     916.5387500 1077.64477  17.6%     -  156s
H    0     0                     916.9587500 1062.84019  15.9%     -  169s
     0     0 1062.84019    0 1019  916.95875 1062.84019  15.9%     -  174s
     0     0 1062.84019    0 1021  916.95875 1062.84019  15.9%     -  177s
     0     0 1062.84019    0 1021  916.95875 1062.84019  15.9%     -  198s
H    0     0                     917.2087500 1062.84019  15.9%     -  203s
H    0     0                     918.7837500 1062.84019  15.7%     -  203s
H    0     0                     919.3037500 1062.84019  15.6%     -  203s
H    0     0                     921.4262500 1062.84019  15.3%     -  203s
H    0     0                     922.3562500 1062.84019  15.2%     -  204s
H    0     0                     922.3762500 1062.84019  15.2%     -  205s
H    0     0                     923.3887500 1059.52921  14.7%     -  211s
H    0     0                     923.9687500 1059.52921  14.7%     -  211s
H    0     0                     924.3487500 1059.52921  14.6%     -  211s
H    0     0                     924.3887500 1059.52921  14.6%     -  211s
H    0     0                     924.9487500 1059.52921  14.6%     -  211s
H    0     0                     924.9762500 1059.52921  14.5%     -  211s
H    0     0                     925.2062500 1059.52921  14.5%     -  211s
H    0     0                     926.5612500 1059.52921  14.4%     -  211s
H    0     0                     938.8962500 1059.52921  12.8%     -  214s
     0     0 1059.52921    0 1028  938.89625 1059.52921  12.8%     -  233s
     0     0 1059.52921    0 1023  938.89625 1059.52921  12.8%     -  237s
     0     0 1058.94132    0 1051  938.89625 1058.94132  12.8%     -  248s
     0     0 1058.94132    0 1058  938.89625 1058.94132  12.8%     -  252s
     0     0 1058.83768    0 1063  938.89625 1058.83768  12.8%     -  262s
     0     0 1058.83768    0 1070  938.89625 1058.83768  12.8%     -  267s
     0     0 1058.83658    0 1058  938.89625 1058.83658  12.8%     -  282s
     0     0 1058.83658    0 1058  938.89625 1058.83658  12.8%     -  287s
     0     0 1053.59641    0 1064  938.89625 1053.59641  12.2%     -  330s
     0     0 1053.59641    0 1062  938.89625 1053.59641  12.2%     -  334s
     0     0 1053.59641    0  928  938.89625 1053.59641  12.2%     -  356s
H    0     0                     939.1662500 1053.59641  12.2%     -  361s
H    0     0                     941.3612500 1053.59641  11.9%     -  362s
H    0     0                     951.7412500 1053.59641  10.7%     -  362s
H    0     0                     951.8162500 1053.59641  10.7%     -  362s
H    0     0                     952.9362500 1050.85455  10.3%     -  367s
     0     0 1050.85455    0 1159  952.93625 1050.85455  10.3%     -  372s
     0     0 1050.85455    0 1141  952.93625 1050.85455  10.3%     -  376s
     0     0 1050.42908    0 1163  952.93625 1050.42908  10.2%     -  388s
     0     0 1050.42908    0 1171  952.93625 1050.42908  10.2%     -  393s
     0     0 1049.98499    0 1171  952.93625 1049.98499  10.2%     -  404s
     0     0 1049.98499    0 1166  952.93625 1049.98499  10.2%     -  409s
H    0     0                     953.0762500 1049.78849  10.1%     -  417s
H    0     0                     953.1087500 1049.78849  10.1%     -  417s
     0     0 1049.78849    0 1142  953.10875 1049.78849  10.1%     -  424s
     0     0 1049.78849    0 1138  953.10875 1049.78849  10.1%     -  429s
H    0     0                     953.2062500 1049.71430  10.1%     -  438s
     0     0 1049.71430    0 1167  953.20625 1049.71430  10.1%     -  444s
     0     0 1049.69215    0 1170  953.20625 1049.69215  10.1%     -  454s
     0     0 1049.69196    0 1165  953.20625 1049.69196  10.1%     -  463s
H    0     0                     953.2162500 1049.69196  10.1%     -  498s
     0     0 1047.80338    0 1212  953.21625 1047.80338  9.92%     -  516s
     0     0 1047.80338    0 1203  953.21625 1047.80338  9.92%     -  521s
     0     0 1047.80338    0 1023  953.21625 1047.80338  9.92%     -  584s
H    0     0                     953.4762500 1047.80338  9.89%     -  595s
H    0     0                     960.7037500 1046.80834  8.96%     -  624s
H    0     0                     962.1287500 1046.80834  8.80%     -  624s
H    0     0                     962.1737500 1046.80834  8.80%     -  624s
H    0     0                     962.2587500 1046.80834  8.79%     -  624s
H    0     0                     962.3587500 1046.80834  8.78%     -  624s
H    0     0                     963.2937500 1046.80834  8.67%     -  624s
H    0     0                     963.4737500 1046.80834  8.65%     -  624s
H    0     0                     963.5637500 1046.80834  8.64%     -  624s
H    0     0                     965.1837500 1046.80834  8.46%     -  624s
H    0     0                     965.6087500 1046.80834  8.41%     -  624s
H    0     0                     966.1387500 1046.80834  8.35%     -  624s
H    0     0                     966.5712500 1046.80834  8.30%     -  624s
H    0     0                     966.5812500 1046.80834  8.30%     -  624s
H    0     0                     966.8212500 1046.80834  8.27%     -  624s
H    0     0                     966.9737500 1046.80834  8.26%     -  624s
     0     0 1046.80834    0 1190  966.97375 1046.80834  8.26%     -  650s
     0     0 1046.80834    0 1191  966.97375 1046.80834  8.26%     -  655s
     0     0 1046.48115    0 1207  966.97375 1046.48115  8.22%     -  666s
     0     0 1046.48115    0 1211  966.97375 1046.48115  8.22%     -  671s
     0     0 1046.25171    0 1202  966.97375 1046.25171  8.20%     -  682s
     0     0 1046.25171    0 1225  966.97375 1046.25171  8.20%     -  686s
     0     0 1046.23334    0 1243  966.97375 1046.23334  8.20%     -  698s
     0     0 1046.23334    0 1237  966.97375 1046.23334  8.20%     -  702s
     0     0 1046.18780    0 1238  966.97375 1046.18780  8.19%     -  715s
     0     0 1046.18780    0 1241  966.97375 1046.18780  8.19%     -  720s
     0     0 1046.18409    0 1238  966.97375 1046.18409  8.19%     -  732s
     0     0 1046.18409    0 1239  966.97375 1046.18409  8.19%     -  736s
H    0     0                     967.4062500 1046.18409  8.14%     -  783s
     0     0 1043.61166    0 1139  967.40625 1043.61166  7.88%     -  801s
     0     0 1043.61166    0 1146  967.40625 1043.61166  7.88%     -  804s
     0     0 1043.61166    0 1146  967.40625 1043.61166  7.88%     -  846s
H    0     0                     968.1962500 1043.61166  7.79%     -  897s
H    0     0                     968.2362500 1043.61166  7.78%     -  898s
H    0     0                     969.5062500 1043.61166  7.64%     -  900s
H    0     0                     972.7662500 1043.61166  7.28%     -  900s
H    0     0                     972.9962500 1043.61166  7.26%     -  903s
H    0     0                     973.6262500 1043.61166  7.19%     -  903s
H    0     0                     974.0312500 1043.61166  7.14%     -  904s
H    0     0                     974.2437500 1043.61166  7.12%     -  904s
H    0     0                     974.6612500 1043.61166  7.07%     -  904s
H    0     0                     983.8612500 1043.61166  6.07%     -  905s
H    0     0                     983.8712500 1043.61166  6.07%     -  906s
H    0     0                     984.6912500 1043.61166  5.98%     -  907s
H    0     0                     984.8687500 1043.61166  5.96%     -  909s
H    0     0                     984.9987500 1043.61165  5.95%     -  963s
     0     2 1043.61165    0 1129  984.99875 1043.61165  5.95%     -  982s
     1     4 1043.61032    1 1144  984.99875 1043.61130  5.95% 31102  990s
     3     8 1041.94688    2 1183  984.99875 1043.61032  5.95% 20642 1025s
     7    16 1041.57342    3 1270  984.99875 1041.94688  5.78% 17599 1056s
H    8    16                     985.1087500 1041.94688  5.77% 15399 1056s
H   11    16                     985.2887500 1041.94688  5.75% 15454 1056s
    15    24 1041.23641    4 1338  985.28875 1041.57342  5.71% 16354 1091s
H   16    24                     985.3012500 1041.57342  5.71% 15332 1091s
H   17    24                     985.3987500 1041.57342  5.70% 15334 1091s
    23    32 1041.23636    5 1334  985.39875 1041.57342  5.70% 15877 1123s
H   29    32                     985.4012500 1041.57342  5.70% 15203 1123s
    31    40 1041.23635    6 1332  985.40125 1041.57342  5.70% 15680 1157s
H   35    40                     985.4737500 1041.57342  5.69% 15142 1157s
    39    48 1041.22639    6 1322  985.47375 1041.57342  5.69% 15497 1191s
H   45    48                     985.6462500 1041.57342  5.67% 15084 1191s
H   46    48                     986.0712500 1041.57342  5.63% 15085 1191s
    47    56 1041.22020    7 1325  986.07125 1041.57342  5.63% 15296 1228s
    55    64 1041.20697    8 1294  986.07125 1041.57342  5.63% 15139 1266s
H   57    64                     986.0712502 1041.57342  5.63% 14874 1266s
    63    72 1041.18500    8 1242  986.07125 1041.57342  5.63% 15166 1312s
    71    80 1041.15730    9 1228  986.07125 1041.57342  5.63% 15123 1346s
    79    88 1041.18129    9 1238  986.07125 1041.57342  5.63% 15030 1384s
H   82    88                     986.2212500 1041.57342  5.61% 14838 1384s
    87    96 1041.12381   10 1275  986.22125 1041.57342  5.61% 15028 1429s
H   93    96                     986.4012500 1041.57342  5.59% 14860 1429s
    95   104 1041.09523   11 1228  986.40125 1041.57342  5.59% 15023 1468s
H  100   104                     986.5237500 1041.57342  5.58% 14807 1468s
   103   112 1041.07826   11 1240  986.52375 1041.57342  5.58% 14949 1515s
H  111   120                     986.5237506 1041.57342  5.58% 14808 1554s
   119   128 1041.05644   13 1222  986.52375 1041.57342  5.58% 14933 1596s
   127   136 1041.02748   14 1226  986.52375 1041.57342  5.58% 14938 1641s
   135   144 1040.98750   15 1191  986.52375 1041.57342  5.58% 14923 1678s
   143   152 1040.92037   16 1167  986.52375 1041.57342  5.58% 14917 1714s
   151   160 1040.90979   17 1165  986.52375 1041.57342  5.58% 14905 1754s
H  158   160                     986.9462500 1041.57342  5.53% 14804 1754s
   159   168 1040.76687   18 1157  986.94625 1041.57342  5.53% 14888 1790s
H  161   168                     987.2512500 1041.57342  5.50% 14791 1790s
   167   176 1040.76687   19 1160  987.25125 1041.57342  5.50% 14878 1830s
H  168   176                     987.4637500 1041.57342  5.48% 14790 1830s
   175   184 1040.76687   20 1145  987.46375 1041.57342  5.48% 14836 1882s
H  179   184                     987.4737500 1041.57342  5.48% 14752 1882s
   183   192 1040.76363   20 1144  987.47375 1041.57342  5.48% 14824 1923s
H  188   192                     987.7337500 1041.57342  5.45% 14745 1923s
   191   200 1040.72545   21 1124  987.73375 1041.57342  5.45% 14802 2010s
   199   208 1040.69748   22 1126  987.73375 1041.57342  5.45% 14863 2050s
H  202   208                     987.9837500 1041.57342  5.42% 14788 2050s
H  203   208                     988.0887500 1041.57342  5.41% 14789 2050s
   207   216 1040.71511   22 1137  988.08875 1041.57342  5.41% 14852 2090s
H  212   216                     988.1287500 1041.57342  5.41% 14746 2090s
H  215   224                     988.1587500 1041.57342  5.41% 14742 2127s
H  216   224                     988.2512500 1041.57342  5.40% 14738 2127s
H  219   224                     988.9587500 1041.57342  5.32% 14734 2127s
H  221   224                     989.8587500 1041.57342  5.22% 14729 2127s
H  222   224                     990.3087500 1041.57342  5.18% 14730 2127s
   223   232 1040.69405   24 1110  990.30875 1041.57342  5.18% 14791 2167s
H  224   232                     990.4612500 1041.57342  5.16% 14725 2167s
H  229   232                     990.8012500 1041.57342  5.12% 14717 2167s
H  231   240                     990.8737500 1041.57342  5.12% 14727 2220s
H  232   240                     990.9237500 1041.57342  5.11% 14726 2220s
H  237   240                     992.4887500 1041.57342  4.95% 14717 2220s
H  238   240                     992.9137500 1041.57342  4.90% 14716 2220s

Cutting planes:
  Gomory: 34
  Lift-and-project: 4
  Cover: 68
  Implied bound: 759
  Projected implied bound: 33
  MIR: 715
  StrongCG: 1
  Flow cover: 2106
  Flow path: 2
  Zero half: 121
  Network: 303
  RLT: 9
  Relax-and-lift: 7

Explored 239 nodes (4458755 simplex iterations) in 2221.18 seconds (1043.40 work units)
Thread count was 8 (of 8 available processors)

Solution count 10: 992.914 992.489 990.924 ... 988.251

Optimal solution found (tolerance 5.00e-02)
Best objective 9.929137500000e+02, best bound 1.041573421021e+03, gap 4.9007%

  Per-route capacity check (Q=4000 kg):
    Route 1: 3999.8 kg  (100.0%)
    Route 2: 3999.3 kg  (100.0%)

  [Day_01] Vehicles:2/2 | Visited:314 (MG=100 LA=0 Opt=214)
  Waste:7999.1kg | Dist:306.740km | Time:536.5min | Cap:100.0%
  Revenue:1299.85EUR | DistCost:306.74EUR | VehCost:0.20EUR | Profit:992.91EUR
  Solver:2221.2s (0.62h)  Gap:4.90%

  Bins NOT visited : 177
 id_contentor Type_orig  Level_pct  CAP_CONT_kg         Reason
          488  Optional       77.0         40.0 Not_profitable
         6068  Optional       75.0         40.0 Not_profitable
         6258  Optional       73.0         40.0 Not_profitable
         2140  Optional       72.0         40.0 Not_profitable
         3975  Optional       72.0         40.0 Not_profitable
         1814  Optional       71.0         40.0 Not_profitable
         6239  Optional       69.0         40.0 Not_profitable
          483  Optional       67.0         40.0 Not_profitable
         2784  Optional       67.0         40.0 Not_profitable
          689  Optional       66.0         40.0 Not_profitable
          273  Optional       65.0         40.0 Not_profitable
          486  Optional       65.0         40.0 Not_profitable
          292  Optional       62.0         40.0 Not_profitable
         7512  Optional       61.0         40.0 Not_profitable
         8293  Optional       61.0         40.0 Not_profitable
         3912  Optional       60.0         40.0 Not_profitable
         7521  Optional       60.0         40.0 Not_profitable
          321  Optional       59.5         80.0 Not_profitable
         2015  Optional       59.0         40.0 Not_profitable
          343  Optional       58.0         40.0 Not_profitable
  ... (+157 rows in sheet 7_Not_Visited)

  Generating maps (2 route(s))...
    Map route 1: 160 stops
    Map route 2: 154 stops
  Excel: C:\Users\HectorFa\vrpp-lookahead\results\491_C7\Day_01\result_Day_01.xlsx

Simulation finished.
   Day  Vehicles  N_Visited  N_MustGo  N_MustGoLA  N_Not_Visited  Total_Waste_kg  Total_Distance_km  Travel_Time_min  Capacity_Used_pct  Net_Profit_euro
Day_01         2        314       100           0            177          7999.1             306.74           536.46              99.99         992.9138

Consolidated summary: C:\Users\HectorFa\vrpp-lookahead\results\491_C7\summary_491_C7_all_days.xlsx
Parameters used: C:\Users\HectorFa\vrpp-lookahead\results\491_C7\parameters_used.json
Days with a solution: 1/1
